** Drc report for system-testbed.kicad_pcb **
** Created on 2025-10-15T21:11:59-0500 **

** Found 87 DRC violations **
[copper_edge_clearance]: Board edge clearance violation (board setup constraints edge clearance 0.5000 mm; actual 0.4423 mm)
    Rule: board setup constraints edge; error (excluded)
    @(195.2936 mm, 88.6363 mm): Segment on Edge.Cuts
    @(198.7583 mm, 85.6540 mm): Pad 1 [/RF Subsystem/RF Frontend/UHF 6W PA/RF_{IN}] of P3 on F.Cu
    Footprint Error
[copper_edge_clearance]: Board edge clearance violation (board setup constraints edge clearance 0.5000 mm; actual 0.4423 mm)
    Rule: board setup constraints edge; error (excluded)
    @(195.2936 mm, 88.6363 mm): Segment on Edge.Cuts
    @(194.3783 mm, 85.6540 mm): Pad 2 [GND] of P3 on F.Cu
    Footprint Error
[copper_edge_clearance]: Board edge clearance violation (board setup constraints edge clearance 0.5000 mm; actual 0.4423 mm)
    Rule: board setup constraints edge; error (excluded)
    @(195.2936 mm, 88.6363 mm): Segment on Edge.Cuts
    @(194.3783 mm, 85.6540 mm): Pad 2 [GND] of P3 on B.Cu
    Footprint Error
[copper_edge_clearance]: Board edge clearance violation (board setup constraints edge clearance 0.5000 mm; actual 0.4423 mm)
    Rule: board setup constraints edge; error (excluded)
    @(195.2936 mm, 88.6363 mm): Segment on Edge.Cuts
    @(203.1383 mm, 85.6540 mm): Pad 2 [GND] of P3 on F.Cu
    Footprint Error
[copper_edge_clearance]: Board edge clearance violation (board setup constraints edge clearance 0.5000 mm; actual 0.4423 mm)
    Rule: board setup constraints edge; error (excluded)
    @(195.2936 mm, 88.6363 mm): Segment on Edge.Cuts
    @(203.1383 mm, 85.6540 mm): Pad 2 [GND] of P3 on B.Cu
    Footprint Error
[copper_edge_clearance]: Board edge clearance violation (board setup constraints edge clearance 0.5000 mm; actual 0.3910 mm)
    Rule: board setup constraints edge; error (excluded)
    @(233.2953 mm, 73.3747 mm): Segment on Edge.Cuts
    @(242.3827 mm, 70.4437 mm): Pad 1 [/RF Subsystem/RF Frontend/TX_{UHF}] of P7 on F.Cu
    Footprint Error
[copper_edge_clearance]: Board edge clearance violation (board setup constraints edge clearance 0.5000 mm; actual 0.3910 mm)
    Rule: board setup constraints edge; error (excluded)
    @(233.2953 mm, 73.3747 mm): Segment on Edge.Cuts
    @(238.0027 mm, 70.4437 mm): Pad 2 [GND] of P7 on F.Cu
    Footprint Error
[copper_edge_clearance]: Board edge clearance violation (board setup constraints edge clearance 0.5000 mm; actual 0.3910 mm)
    Rule: board setup constraints edge; error (excluded)
    @(233.2953 mm, 73.3747 mm): Segment on Edge.Cuts
    @(238.0027 mm, 70.4437 mm): Pad 2 [GND] of P7 on B.Cu
    Footprint Error
[copper_edge_clearance]: Board edge clearance violation (board setup constraints edge clearance 0.5000 mm; actual 0.3910 mm)
    Rule: board setup constraints edge; error (excluded)
    @(233.2953 mm, 73.3747 mm): Segment on Edge.Cuts
    @(246.7627 mm, 70.4437 mm): Pad 2 [GND] of P7 on F.Cu
    Footprint Error
[copper_edge_clearance]: Board edge clearance violation (board setup constraints edge clearance 0.5000 mm; actual 0.3910 mm)
    Rule: board setup constraints edge; error (excluded)
    @(233.2953 mm, 73.3747 mm): Segment on Edge.Cuts
    @(246.7627 mm, 70.4437 mm): Pad 2 [GND] of P7 on B.Cu
    Footprint Error
[copper_edge_clearance]: Board edge clearance violation (board setup constraints edge clearance 0.5000 mm; actual 0.3955 mm)
    Rule: board setup constraints edge; error (excluded)
    @(125.5825 mm, 52.2784 mm): Segment on Edge.Cuts
    @(128.5180 mm, 75.1356 mm): Pad 1 [Net-(P12-In)] of P12 on F.Cu
    Footprint Error
[copper_edge_clearance]: Board edge clearance violation (board setup constraints edge clearance 0.5000 mm; actual 0.3955 mm)
    Rule: board setup constraints edge; error (excluded)
    @(125.5825 mm, 52.2784 mm): Segment on Edge.Cuts
    @(128.5180 mm, 70.7556 mm): Pad 2 [GND] of P12 on F.Cu
    Footprint Error
[copper_edge_clearance]: Board edge clearance violation (board setup constraints edge clearance 0.5000 mm; actual 0.3955 mm)
    Rule: board setup constraints edge; error (excluded)
    @(125.5825 mm, 52.2784 mm): Segment on Edge.Cuts
    @(128.5180 mm, 70.7556 mm): Pad 2 [GND] of P12 on B.Cu
    Footprint Error
[copper_edge_clearance]: Board edge clearance violation (board setup constraints edge clearance 0.5000 mm; actual 0.3955 mm)
    Rule: board setup constraints edge; error (excluded)
    @(125.5825 mm, 52.2784 mm): Segment on Edge.Cuts
    @(128.5180 mm, 79.5156 mm): Pad 2 [GND] of P12 on F.Cu
    Footprint Error
[copper_edge_clearance]: Board edge clearance violation (board setup constraints edge clearance 0.5000 mm; actual 0.3955 mm)
    Rule: board setup constraints edge; error (excluded)
    @(125.5825 mm, 52.2784 mm): Segment on Edge.Cuts
    @(128.5180 mm, 79.5156 mm): Pad 2 [GND] of P12 on B.Cu
    Footprint Error
[copper_edge_clearance]: Board edge clearance violation (board setup constraints edge clearance 0.5000 mm; actual 0.3764 mm)
    Rule: board setup constraints edge; error (excluded)
    @(205.2936 mm, 47.6363 mm): Segment on Edge.Cuts
    @(198.7583 mm, 50.5526 mm): Pad 1 [Net-(FL1-OUT)] of P4 on F.Cu
    Footprint Error
[copper_edge_clearance]: Board edge clearance violation (board setup constraints edge clearance 0.5000 mm; actual 0.3764 mm)
    Rule: board setup constraints edge; error (excluded)
    @(205.2936 mm, 47.6363 mm): Segment on Edge.Cuts
    @(203.1383 mm, 50.5526 mm): Pad 2 [GND] of P4 on F.Cu
    Footprint Error
[copper_edge_clearance]: Board edge clearance violation (board setup constraints edge clearance 0.5000 mm; actual 0.3764 mm)
    Rule: board setup constraints edge; error (excluded)
    @(205.2936 mm, 47.6363 mm): Segment on Edge.Cuts
    @(203.1383 mm, 50.5526 mm): Pad 2 [GND] of P4 on B.Cu
    Footprint Error
[copper_edge_clearance]: Board edge clearance violation (board setup constraints edge clearance 0.5000 mm; actual 0.3764 mm)
    Rule: board setup constraints edge; error (excluded)
    @(205.2936 mm, 47.6363 mm): Segment on Edge.Cuts
    @(194.3783 mm, 50.5526 mm): Pad 2 [GND] of P4 on F.Cu
    Footprint Error
[copper_edge_clearance]: Board edge clearance violation (board setup constraints edge clearance 0.5000 mm; actual 0.3764 mm)
    Rule: board setup constraints edge; error (excluded)
    @(205.2936 mm, 47.6363 mm): Segment on Edge.Cuts
    @(194.3783 mm, 50.5526 mm): Pad 2 [GND] of P4 on B.Cu
    Footprint Error
[copper_edge_clearance]: Board edge clearance violation (board setup constraints edge clearance 0.5000 mm; actual 0.4361 mm)
    Rule: board setup constraints edge; error (excluded)
    @(178.0823 mm, 47.7784 mm): Segment on Edge.Cuts
    @(155.2019 mm, 50.7546 mm): Pad 1 [Net-(P9-In)] of P9 on F.Cu
    Footprint Error
[copper_edge_clearance]: Board edge clearance violation (board setup constraints edge clearance 0.5000 mm; actual 0.4361 mm)
    Rule: board setup constraints edge; error (excluded)
    @(178.0823 mm, 47.7784 mm): Segment on Edge.Cuts
    @(159.5819 mm, 50.7546 mm): Pad 2 [GND] of P9 on F.Cu
    Footprint Error
[copper_edge_clearance]: Board edge clearance violation (board setup constraints edge clearance 0.5000 mm; actual 0.4361 mm)
    Rule: board setup constraints edge; error (excluded)
    @(178.0823 mm, 47.7784 mm): Segment on Edge.Cuts
    @(159.5819 mm, 50.7546 mm): Pad 2 [GND] of P9 on B.Cu
    Footprint Error
[copper_edge_clearance]: Board edge clearance violation (board setup constraints edge clearance 0.5000 mm; actual 0.4361 mm)
    Rule: board setup constraints edge; error (excluded)
    @(178.0823 mm, 47.7784 mm): Segment on Edge.Cuts
    @(150.8219 mm, 50.7546 mm): Pad 2 [GND] of P9 on F.Cu
    Footprint Error
[copper_edge_clearance]: Board edge clearance violation (board setup constraints edge clearance 0.5000 mm; actual 0.4361 mm)
    Rule: board setup constraints edge; error (excluded)
    @(178.0823 mm, 47.7784 mm): Segment on Edge.Cuts
    @(150.8219 mm, 50.7546 mm): Pad 2 [GND] of P9 on B.Cu
    Footprint Error
[copper_edge_clearance]: Board edge clearance violation (board setup constraints edge clearance 0.5000 mm; actual 0.4053 mm)
    Rule: board setup constraints edge; error (excluded)
    @(265.7271 mm, 48.0147 mm): Segment on Edge.Cuts
    @(242.3268 mm, 50.9600 mm): Pad 1 [/RF Subsystem/RF Frontend/RX_{UHF}] of P11 on F.Cu
    Footprint Error
[copper_edge_clearance]: Board edge clearance violation (board setup constraints edge clearance 0.5000 mm; actual 0.4053 mm)
    Rule: board setup constraints edge; error (excluded)
    @(265.7271 mm, 48.0147 mm): Segment on Edge.Cuts
    @(246.7068 mm, 50.9600 mm): Pad 2 [GND] of P11 on F.Cu
    Footprint Error
[copper_edge_clearance]: Board edge clearance violation (board setup constraints edge clearance 0.5000 mm; actual 0.4053 mm)
    Rule: board setup constraints edge; error (excluded)
    @(265.7271 mm, 48.0147 mm): Segment on Edge.Cuts
    @(246.7068 mm, 50.9600 mm): Pad 2 [GND] of P11 on B.Cu
    Footprint Error
[copper_edge_clearance]: Board edge clearance violation (board setup constraints edge clearance 0.5000 mm; actual 0.4053 mm)
    Rule: board setup constraints edge; error (excluded)
    @(265.7271 mm, 48.0147 mm): Segment on Edge.Cuts
    @(237.9468 mm, 50.9600 mm): Pad 2 [GND] of P11 on F.Cu
    Footprint Error
[copper_edge_clearance]: Board edge clearance violation (board setup constraints edge clearance 0.5000 mm; actual 0.4053 mm)
    Rule: board setup constraints edge; error (excluded)
    @(265.7271 mm, 48.0147 mm): Segment on Edge.Cuts
    @(237.9468 mm, 50.9600 mm): Pad 2 [GND] of P11 on B.Cu
    Footprint Error
[copper_edge_clearance]: Board edge clearance violation (board setup constraints edge clearance 0.5000 mm; actual 0.3893 mm)
    Rule: board setup constraints edge; error (excluded)
    @(125.5825 mm, 52.2784 mm): Segment on Edge.Cuts
    @(128.5118 mm, 61.3233 mm): Pad 1 [Net-(P14-In)] of P14 on B.Cu
    Footprint Error
[copper_edge_clearance]: Board edge clearance violation (board setup constraints edge clearance 0.5000 mm; actual 0.3893 mm)
    Rule: board setup constraints edge; error (excluded)
    @(125.5825 mm, 52.2784 mm): Segment on Edge.Cuts
    @(128.5118 mm, 56.9433 mm): Pad 2 [GND] of P14 on F.Cu
    Footprint Error
[copper_edge_clearance]: Board edge clearance violation (board setup constraints edge clearance 0.5000 mm; actual 0.3893 mm)
    Rule: board setup constraints edge; error (excluded)
    @(125.5825 mm, 52.2784 mm): Segment on Edge.Cuts
    @(128.5118 mm, 56.9433 mm): Pad 2 [GND] of P14 on B.Cu
    Footprint Error
[copper_edge_clearance]: Board edge clearance violation (board setup constraints edge clearance 0.5000 mm; actual 0.3893 mm)
    Rule: board setup constraints edge; error (excluded)
    @(125.5825 mm, 52.2784 mm): Segment on Edge.Cuts
    @(128.5118 mm, 65.7033 mm): Pad 2 [GND] of P14 on F.Cu
    Footprint Error
[copper_edge_clearance]: Board edge clearance violation (board setup constraints edge clearance 0.5000 mm; actual 0.3893 mm)
    Rule: board setup constraints edge; error (excluded)
    @(125.5825 mm, 52.2784 mm): Segment on Edge.Cuts
    @(128.5118 mm, 65.7033 mm): Pad 2 [GND] of P14 on B.Cu
    Footprint Error
[copper_edge_clearance]: Board edge clearance violation (board setup constraints edge clearance 0.5000 mm; actual 0.4415 mm)
    Rule: board setup constraints edge; error (excluded)
    @(178.0823 mm, 47.7784 mm): Segment on Edge.Cuts
    @(169.0055 mm, 50.7599 mm): Pad 1 [Net-(P10-In)] of P10 on B.Cu
    Footprint Error
[copper_edge_clearance]: Board edge clearance violation (board setup constraints edge clearance 0.5000 mm; actual 0.4415 mm)
    Rule: board setup constraints edge; error (excluded)
    @(178.0823 mm, 47.7784 mm): Segment on Edge.Cuts
    @(173.3855 mm, 50.7599 mm): Pad 2 [GND] of P10 on F.Cu
    Footprint Error
[copper_edge_clearance]: Board edge clearance violation (board setup constraints edge clearance 0.5000 mm; actual 0.4415 mm)
    Rule: board setup constraints edge; error (excluded)
    @(178.0823 mm, 47.7784 mm): Segment on Edge.Cuts
    @(173.3855 mm, 50.7599 mm): Pad 2 [GND] of P10 on B.Cu
    Footprint Error
[copper_edge_clearance]: Board edge clearance violation (board setup constraints edge clearance 0.5000 mm; actual 0.4415 mm)
    Rule: board setup constraints edge; error (excluded)
    @(178.0823 mm, 47.7784 mm): Segment on Edge.Cuts
    @(164.6255 mm, 50.7599 mm): Pad 2 [GND] of P10 on F.Cu
    Footprint Error
[copper_edge_clearance]: Board edge clearance violation (board setup constraints edge clearance 0.5000 mm; actual 0.4415 mm)
    Rule: board setup constraints edge; error (excluded)
    @(178.0823 mm, 47.7784 mm): Segment on Edge.Cuts
    @(164.6255 mm, 50.7599 mm): Pad 2 [GND] of P10 on B.Cu
    Footprint Error
[copper_edge_clearance]: Board edge clearance violation (board setup constraints edge clearance 0.5000 mm; actual 0.4556 mm)
    Rule: board setup constraints edge; error (excluded)
    @(233.2953 mm, 73.3747 mm): Segment on Edge.Cuts
    @(256.2494 mm, 70.3791 mm): Pad 1 [/RF Subsystem/RF Frontend/TX_{VHF}] of P8 on B.Cu
    Footprint Error
[copper_edge_clearance]: Board edge clearance violation (board setup constraints edge clearance 0.5000 mm; actual 0.4556 mm)
    Rule: board setup constraints edge; error (excluded)
    @(233.2953 mm, 73.3747 mm): Segment on Edge.Cuts
    @(251.8694 mm, 70.3791 mm): Pad 2 [GND] of P8 on F.Cu
    Footprint Error
[copper_edge_clearance]: Board edge clearance violation (board setup constraints edge clearance 0.5000 mm; actual 0.4556 mm)
    Rule: board setup constraints edge; error (excluded)
    @(233.2953 mm, 73.3747 mm): Segment on Edge.Cuts
    @(251.8694 mm, 70.3791 mm): Pad 2 [GND] of P8 on B.Cu
    Footprint Error
[copper_edge_clearance]: Board edge clearance violation (board setup constraints edge clearance 0.5000 mm; actual 0.4556 mm)
    Rule: board setup constraints edge; error (excluded)
    @(233.2953 mm, 73.3747 mm): Segment on Edge.Cuts
    @(260.6294 mm, 70.3791 mm): Pad 2 [GND] of P8 on F.Cu
    Footprint Error
[copper_edge_clearance]: Board edge clearance violation (board setup constraints edge clearance 0.5000 mm; actual 0.4556 mm)
    Rule: board setup constraints edge; error (excluded)
    @(233.2953 mm, 73.3747 mm): Segment on Edge.Cuts
    @(260.6294 mm, 70.3791 mm): Pad 2 [GND] of P8 on B.Cu
    Footprint Error
[copper_edge_clearance]: Board edge clearance violation (board setup constraints edge clearance 0.5000 mm; actual 0.3399 mm)
    Rule: board setup constraints edge; error (excluded)
    @(265.7271 mm, 48.0147 mm): Segment on Edge.Cuts
    @(256.2122 mm, 50.8946 mm): Pad 1 [/RF Subsystem/RF Frontend/RX_{VHF}] of P13 on B.Cu
    Footprint Error
[copper_edge_clearance]: Board edge clearance violation (board setup constraints edge clearance 0.5000 mm; actual 0.3399 mm)
    Rule: board setup constraints edge; error (excluded)
    @(265.7271 mm, 48.0147 mm): Segment on Edge.Cuts
    @(260.5922 mm, 50.8946 mm): Pad 2 [GND] of P13 on F.Cu
    Footprint Error
[copper_edge_clearance]: Board edge clearance violation (board setup constraints edge clearance 0.5000 mm; actual 0.3399 mm)
    Rule: board setup constraints edge; error (excluded)
    @(265.7271 mm, 48.0147 mm): Segment on Edge.Cuts
    @(260.5922 mm, 50.8946 mm): Pad 2 [GND] of P13 on B.Cu
    Footprint Error
[copper_edge_clearance]: Board edge clearance violation (board setup constraints edge clearance 0.5000 mm; actual 0.3399 mm)
    Rule: board setup constraints edge; error (excluded)
    @(265.7271 mm, 48.0147 mm): Segment on Edge.Cuts
    @(251.8322 mm, 50.8946 mm): Pad 2 [GND] of P13 on F.Cu
    Footprint Error
[copper_edge_clearance]: Board edge clearance violation (board setup constraints edge clearance 0.5000 mm; actual 0.3399 mm)
    Rule: board setup constraints edge; error (excluded)
    @(265.7271 mm, 48.0147 mm): Segment on Edge.Cuts
    @(251.8322 mm, 50.8946 mm): Pad 2 [GND] of P13 on B.Cu
    Footprint Error
[copper_edge_clearance]: Board edge clearance violation (board setup constraints edge clearance 0.5000 mm; actual 0.4415 mm)
    Rule: board setup constraints edge; error (excluded)
    @(195.2936 mm, 88.6363 mm): Segment on Edge.Cuts
    @(212.5619 mm, 85.6548 mm): Pad 1 [/RF Subsystem/RF Frontend/VHF 6W PA/RF_{IN}] of P5 on B.Cu
    Footprint Error
[copper_edge_clearance]: Board edge clearance violation (board setup constraints edge clearance 0.5000 mm; actual 0.4415 mm)
    Rule: board setup constraints edge; error (excluded)
    @(195.2936 mm, 88.6363 mm): Segment on Edge.Cuts
    @(208.1819 mm, 85.6548 mm): Pad 2 [GND] of P5 on F.Cu
    Footprint Error
[copper_edge_clearance]: Board edge clearance violation (board setup constraints edge clearance 0.5000 mm; actual 0.4415 mm)
    Rule: board setup constraints edge; error (excluded)
    @(195.2936 mm, 88.6363 mm): Segment on Edge.Cuts
    @(208.1819 mm, 85.6548 mm): Pad 2 [GND] of P5 on B.Cu
    Footprint Error
[copper_edge_clearance]: Board edge clearance violation (board setup constraints edge clearance 0.5000 mm; actual 0.4415 mm)
    Rule: board setup constraints edge; error (excluded)
    @(195.2936 mm, 88.6363 mm): Segment on Edge.Cuts
    @(216.9419 mm, 85.6548 mm): Pad 2 [GND] of P5 on F.Cu
    Footprint Error
[copper_edge_clearance]: Board edge clearance violation (board setup constraints edge clearance 0.5000 mm; actual 0.4415 mm)
    Rule: board setup constraints edge; error (excluded)
    @(195.2936 mm, 88.6363 mm): Segment on Edge.Cuts
    @(216.9419 mm, 85.6548 mm): Pad 2 [GND] of P5 on B.Cu
    Footprint Error
[copper_edge_clearance]: Board edge clearance violation (board setup constraints edge clearance 0.5000 mm; actual 0.4080 mm)
    Rule: board setup constraints edge; error (excluded)
    @(221.6450 mm, 47.6363 mm): Segment on Edge.Cuts
    @(212.5619 mm, 50.5843 mm): Pad 1 [Net-(FL2-OUT)] of P6 on B.Cu
    Footprint Error
[copper_edge_clearance]: Board edge clearance violation (board setup constraints edge clearance 0.5000 mm; actual 0.4080 mm)
    Rule: board setup constraints edge; error (excluded)
    @(221.6450 mm, 47.6363 mm): Segment on Edge.Cuts
    @(216.9419 mm, 50.5843 mm): Pad 2 [GND] of P6 on F.Cu
    Footprint Error
[copper_edge_clearance]: Board edge clearance violation (board setup constraints edge clearance 0.5000 mm; actual 0.4080 mm)
    Rule: board setup constraints edge; error (excluded)
    @(221.6450 mm, 47.6363 mm): Segment on Edge.Cuts
    @(216.9419 mm, 50.5843 mm): Pad 2 [GND] of P6 on B.Cu
    Footprint Error
[copper_edge_clearance]: Board edge clearance violation (board setup constraints edge clearance 0.5000 mm; actual 0.4080 mm)
    Rule: board setup constraints edge; error (excluded)
    @(221.6450 mm, 47.6363 mm): Segment on Edge.Cuts
    @(208.1819 mm, 50.5843 mm): Pad 2 [GND] of P6 on F.Cu
    Footprint Error
[copper_edge_clearance]: Board edge clearance violation (board setup constraints edge clearance 0.5000 mm; actual 0.4080 mm)
    Rule: board setup constraints edge; error (excluded)
    @(221.6450 mm, 47.6363 mm): Segment on Edge.Cuts
    @(208.1819 mm, 50.5843 mm): Pad 2 [GND] of P6 on B.Cu
    Footprint Error
[starved_thermal]: Thermal relief connection to zone incomplete (layer B.Cu; zone min spoke count 2; actual 1)
    Local override; error (excluded)
    @(228.7954 mm, 68.8747 mm): Zone [GND] on F.Cu, B.Cu and 2 more, priority 0
    @(238.0027 mm, 67.4537 mm): Pad 2 [GND] of P7 on B.Cu
    Footprint Error
[starved_thermal]: Thermal relief connection to zone incomplete (layer F.Cu; zone min spoke count 2; actual 1)
    Local override; error (excluded)
    @(228.7954 mm, 68.8747 mm): Zone [GND] on F.Cu, B.Cu and 2 more, priority 0
    @(238.0027 mm, 67.4537 mm): Pad 2 [GND] of P7 on F.Cu
    Footprint Error
[starved_thermal]: Thermal relief connection to zone incomplete (layer F.Cu; zone min spoke count 2; actual 1)
    Local override; error (excluded)
    @(228.7954 mm, 68.8747 mm): Zone [GND] on F.Cu, B.Cu and 2 more, priority 0
    @(246.7627 mm, 67.4537 mm): Pad 2 [GND] of P7 on F.Cu
    Footprint Error
[starved_thermal]: Thermal relief connection to zone incomplete (layer B.Cu; zone min spoke count 2; actual 1)
    Local override; error (excluded)
    @(138.6117 mm, 88.7599 mm): Zone [GND] on F.Cu, B.Cu and 2 more, priority 0
    @(159.5819 mm, 53.7446 mm): Pad 2 [GND] of P9 on B.Cu
    Footprint Error
[starved_thermal]: Thermal relief connection to zone incomplete (layer B.Cu; zone min spoke count 2; actual 1)
    Local override; error (excluded)
    @(228.7954 mm, 68.8747 mm): Zone [GND] on F.Cu, B.Cu and 2 more, priority 0
    @(246.7068 mm, 53.9500 mm): Pad 2 [GND] of P11 on B.Cu
    Footprint Error
[starved_thermal]: Thermal relief connection to zone incomplete (layer B.Cu; zone min spoke count 2; actual 1)
    Local override; error (excluded)
    @(138.6117 mm, 88.7599 mm): Zone [GND] on F.Cu, B.Cu and 2 more, priority 0
    @(150.8219 mm, 53.7446 mm): Pad 2 [GND] of P9 on B.Cu
    Footprint Error
[starved_thermal]: Thermal relief connection to zone incomplete (layer B.Cu; zone min spoke count 2; actual 1)
    Local override; error (excluded)
    @(228.7954 mm, 68.8747 mm): Zone [GND] on F.Cu, B.Cu and 2 more, priority 0
    @(237.9468 mm, 53.9500 mm): Pad 2 [GND] of P11 on B.Cu
    Footprint Error
[starved_thermal]: Thermal relief connection to zone incomplete (layer F.Cu; zone min spoke count 2; actual 1)
    Local override; error (excluded)
    @(228.7954 mm, 68.8747 mm): Zone [GND] on F.Cu, B.Cu and 2 more, priority 0
    @(237.9468 mm, 53.9500 mm): Pad 2 [GND] of P11 on F.Cu
    Footprint Error
[starved_thermal]: Thermal relief connection to zone incomplete (layer B.Cu; zone min spoke count 2; actual 1)
    Local override; error (excluded)
    @(228.7954 mm, 68.8747 mm): Zone [GND] on F.Cu, B.Cu and 2 more, priority 0
    @(260.6294 mm, 67.3891 mm): Pad 2 [GND] of P8 on B.Cu
    Footprint Error
[starved_thermal]: Thermal relief connection to zone incomplete (layer F.Cu; zone min spoke count 2; actual 1)
    Local override; error (excluded)
    @(228.7954 mm, 68.8747 mm): Zone [GND] on F.Cu, B.Cu and 2 more, priority 0
    @(251.8694 mm, 67.3891 mm): Pad 2 [GND] of P8 on F.Cu
    Footprint Error
[starved_thermal]: Thermal relief connection to zone incomplete (layer F.Cu; zone min spoke count 2; actual 1)
    Local override; error (excluded)
    @(228.7954 mm, 68.8747 mm): Zone [GND] on F.Cu, B.Cu and 2 more, priority 0
    @(260.6294 mm, 67.3891 mm): Pad 2 [GND] of P8 on F.Cu
    Footprint Error
[starved_thermal]: Thermal relief connection to zone incomplete (layer B.Cu; zone min spoke count 2; actual 1)
    Local override; error (excluded)
    @(138.6117 mm, 88.7599 mm): Zone [GND] on F.Cu, B.Cu and 2 more, priority 0
    @(173.3855 mm, 53.7499 mm): Pad 2 [GND] of P10 on B.Cu
    Footprint Error
[starved_thermal]: Thermal relief connection to zone incomplete (layer B.Cu; zone min spoke count 2; actual 1)
    Local override; error (excluded)
    @(138.6117 mm, 88.7599 mm): Zone [GND] on F.Cu, B.Cu and 2 more, priority 0
    @(164.6255 mm, 53.7499 mm): Pad 2 [GND] of P10 on B.Cu
    Footprint Error
[starved_thermal]: Thermal relief connection to zone incomplete (layer B.Cu; zone min spoke count 2; actual 1)
    Local override; error (excluded)
    @(228.7954 mm, 68.8747 mm): Zone [GND] on F.Cu, B.Cu and 2 more, priority 0
    @(260.5922 mm, 53.8846 mm): Pad 2 [GND] of P13 on B.Cu
    Footprint Error
[starved_thermal]: Thermal relief connection to zone incomplete (layer B.Cu; zone min spoke count 2; actual 1)
    Local override; error (excluded)
    @(228.7954 mm, 68.8747 mm): Zone [GND] on F.Cu, B.Cu and 2 more, priority 0
    @(251.8322 mm, 53.8846 mm): Pad 2 [GND] of P13 on B.Cu
    Footprint Error
[starved_thermal]: Thermal relief connection to zone incomplete (layer F.Cu; zone min spoke count 2; actual 1)
    Local override; error (excluded)
    @(184.8248 mm, 52.1030 mm): Zone [GND] on F.Cu, B.Cu and 2 more, priority 1
    @(197.6750 mm, 74.8017 mm): PTH pad 17 [GND] of U5
    Footprint Error
[starved_thermal]: Thermal relief connection to zone incomplete (layer F.Cu; zone min spoke count 2; actual 1)
    Local override; error (excluded)
    @(184.8248 mm, 52.1030 mm): Zone [GND] on F.Cu, B.Cu and 2 more, priority 1
    @(198.8750 mm, 74.8017 mm): PTH pad 17 [GND] of U5
    Footprint Error
[starved_thermal]: Thermal relief connection to zone incomplete (layer F.Cu; zone min spoke count 2; actual 1)
    Local override; error (excluded)
    @(184.8248 mm, 52.1030 mm): Zone [GND] on F.Cu, B.Cu and 2 more, priority 1
    @(197.6750 mm, 73.6017 mm): PTH pad 17 [GND] of U5
    Footprint Error
[starved_thermal]: Thermal relief connection to zone incomplete (layer F.Cu; zone min spoke count 2; actual 1)
    Local override; error (excluded)
    @(184.8248 mm, 52.1030 mm): Zone [GND] on F.Cu, B.Cu and 2 more, priority 1
    @(198.8750 mm, 73.6017 mm): PTH pad 17 [GND] of U5
    Footprint Error
[starved_thermal]: Thermal relief connection to zone incomplete (layer F.Cu; zone min spoke count 2; actual 1)
    Local override; error (excluded)
    @(138.6117 mm, 88.7599 mm): Zone [GND] on F.Cu, B.Cu and 2 more, priority 0
    @(159.5819 mm, 53.7446 mm): Pad 2 [GND] of P9 on F.Cu
    Footprint Error
[starved_thermal]: Thermal relief connection to zone incomplete (layer F.Cu; zone min spoke count 2; actual 1)
    Local override; error (excluded)
    @(138.6117 mm, 88.7599 mm): Zone [GND] on F.Cu, B.Cu and 2 more, priority 0
    @(150.8219 mm, 53.7446 mm): Pad 2 [GND] of P9 on F.Cu
    Footprint Error
[starved_thermal]: Thermal relief connection to zone incomplete (layer B.Cu; zone min spoke count 2; actual 1)
    Local override; error (excluded)
    @(184.8248 mm, 52.1030 mm): Zone [GND] on F.Cu, B.Cu and 2 more, priority 1
    @(212.4751 mm, 73.7660 mm): PTH pad 17 [GND] of U6
    Footprint Error
[starved_thermal]: Thermal relief connection to zone incomplete (layer B.Cu; zone min spoke count 2; actual 1)
    Local override; error (excluded)
    @(184.8248 mm, 52.1030 mm): Zone [GND] on F.Cu, B.Cu and 2 more, priority 1
    @(213.6751 mm, 73.7660 mm): PTH pad 17 [GND] of U6
    Footprint Error
[starved_thermal]: Thermal relief connection to zone incomplete (layer B.Cu; zone min spoke count 2; actual 1)
    Local override; error (excluded)
    @(184.8248 mm, 52.1030 mm): Zone [GND] on F.Cu, B.Cu and 2 more, priority 1
    @(212.4751 mm, 72.5660 mm): PTH pad 17 [GND] of U6
    Footprint Error
[starved_thermal]: Thermal relief connection to zone incomplete (layer F.Cu; zone min spoke count 2; actual 1)
    Local override; error (excluded)
    @(138.6117 mm, 88.7599 mm): Zone [GND] on F.Cu, B.Cu and 2 more, priority 0
    @(173.3855 mm, 53.7499 mm): Pad 2 [GND] of P10 on F.Cu
    Footprint Error
[starved_thermal]: Thermal relief connection to zone incomplete (layer F.Cu; zone min spoke count 2; actual 1)
    Local override; error (excluded)
    @(138.6117 mm, 88.7599 mm): Zone [GND] on F.Cu, B.Cu and 2 more, priority 0
    @(164.6255 mm, 53.7499 mm): Pad 2 [GND] of P10 on F.Cu
    Footprint Error 
[starved_thermal]: Thermal relief connection to zone incomplete (layer B.Cu; zone min spoke count 2; actual 1)
    Local override; error (excluded)
    @(184.8248 mm, 52.1030 mm): Zone [GND] on F.Cu, B.Cu and 2 more, priority 1
    @(213.6751 mm, 72.5660 mm): PTH pad 17 [GND] of U6
    Footprint Error

** Found 5 unconnected pads **
[unconnected_items]: Missing connection between items
    Local override; error (excluded)
    @(186.7153 mm, 74.0550 mm): PTH pad 6 [GND] of J2
    @(138.6117 mm, 88.7599 mm): Zone [GND] on F.Cu, B.Cu and 2 more, priority 0
    Separate Boards
[unconnected_items]: Missing connection between items
    Local override; error (excluded)
    @(224.6948 mm, 74.0476 mm): PTH pad 6 [GND] of J3
    @(228.7954 mm, 68.8747 mm): Zone [GND] on F.Cu, B.Cu and 2 more, priority 0
    Separate Boards
[unconnected_items]: Missing connection between items
    Local override; error (excluded)
    @(186.5178 mm, 63.9258 mm): Track [+3.3V] on F.Cu, length 2.6661 mm
    @(179.0234 mm, 62.8730 mm): Track [+3.3V] on F.Cu, length 2.1590 mm
    Separate Boards
[unconnected_items]: Missing connection between items
    Local override; error (excluded)
    @(218.5246 mm, 67.6006 mm): Teardrop [+3.3V] on B.Cu
    @(194.1744 mm, 68.1597 mm): Teardrop [+3.3V] on F.Cu
    Intentional
[unconnected_items]: Missing connection between items
    Local override; error (excluded)
    @(223.1738 mm, 64.6387 mm): Teardrop [+3.3V] on B.Cu
    @(234.9960 mm, 62.5719 mm): Teardrop [+3.3V] on B.Cu
    Separate Boards

** Found 0 Footprint errors **

** End of Report **
